command: ['rtk', 'proxy', 'mvn', '-B', '-o', '-pl', 'mall-portal', '-am', '-DskipTests=false', '-Dtest=Experiment*Test', '-Dsurefire.failIfNoSpecifiedTests=false', 'org.jacoco:jacoco-maven-plugin:0.8.13:prepare-agent', 'test', 'org.jacoco:jacoco-maven-plugin:0.8.13:report']
revision: dcaa93b3150352e5044708d7211b5bed0af4509f + working-tree changes
[INFO] Scanning for projects...
[INFO] ------------------------------------------------------------------------
[INFO] Reactor Build Order:
[INFO] 
[INFO] mall                                                               [pom]
[INFO] mall-common                                                        [jar]
[INFO] mall-mbg                                                           [jar]
[INFO] mall-security                                                      [jar]
[INFO] mall-portal                                                        [jar]
[INFO] 
[INFO] ------------------------< com.macro.mall:mall >-------------------------
[INFO] Building mall 1.0-SNAPSHOT                                         [1/5]
[INFO]   from pom.xml
[INFO] --------------------------------[ pom ]---------------------------------
[INFO] 
[INFO] --- jacoco:0.8.13:prepare-agent (default-cli) @ mall ---
[INFO] argLine set to -javaagent:/Users/limeng/.m2/repository/org/jacoco/org.jacoco.agent/0.8.13/org.jacoco.agent-0.8.13-runtime.jar=destfile=/Users/limeng/软件设计与规范AI/mall/target/jacoco.exec
[INFO] 
[INFO] --- jacoco:0.8.13:report (default-cli) @ mall ---
[INFO] Skipping JaCoCo execution due to missing execution data file.
[INFO] 
[INFO] ---------------------< com.macro.mall:mall-common >---------------------
[INFO] Building mall-common 1.0-SNAPSHOT                                  [2/5]
[INFO]   from mall-common/pom.xml
[INFO] --------------------------------[ jar ]---------------------------------
[INFO] 
[INFO] --- jacoco:0.8.13:prepare-agent (default-cli) @ mall-common ---
[INFO] argLine set to -javaagent:/Users/limeng/.m2/repository/org/jacoco/org.jacoco.agent/0.8.13/org.jacoco.agent-0.8.13-runtime.jar=destfile=/Users/limeng/软件设计与规范AI/mall/mall-common/target/jacoco.exec
[INFO] 
[INFO] --- resources:3.3.1:resources (default-resources) @ mall-common ---
[INFO] Copying 0 resource from src/main/resources to target/classes
[INFO] Copying 1 resource from src/main/resources to target/classes
[INFO] 
[INFO] --- compiler:3.14.1:compile (default-compile) @ mall-common ---
[INFO] Nothing to compile - all classes are up to date.
[INFO] 
[INFO] --- resources:3.3.1:testResources (default-testResources) @ mall-common ---
[INFO] skip non existing resourceDirectory /Users/limeng/软件设计与规范AI/mall/mall-common/src/test/resources
[INFO] 
[INFO] --- compiler:3.14.1:testCompile (default-testCompile) @ mall-common ---
[INFO] No sources to compile
[INFO] 
[INFO] --- surefire:3.5.5:test (default-test) @ mall-common ---
[INFO] No tests to run.
[INFO] 
[INFO] --- jacoco:0.8.13:report (default-cli) @ mall-common ---
[INFO] Skipping JaCoCo execution due to missing execution data file.
[INFO] 
[INFO] ----------------------< com.macro.mall:mall-mbg >-----------------------
[INFO] Building mall-mbg 1.0-SNAPSHOT                                     [3/5]
[INFO]   from mall-mbg/pom.xml
[INFO] --------------------------------[ jar ]---------------------------------
[INFO] 
[INFO] --- jacoco:0.8.13:prepare-agent (default-cli) @ mall-mbg ---
[INFO] argLine set to -javaagent:/Users/limeng/.m2/repository/org/jacoco/org.jacoco.agent/0.8.13/org.jacoco.agent-0.8.13-runtime.jar=destfile=/Users/limeng/软件设计与规范AI/mall/mall-mbg/target/jacoco.exec
[INFO] 
[INFO] --- resources:3.3.1:resources (default-resources) @ mall-mbg ---
[INFO] Copying 0 resource from src/main/resources to target/classes
[INFO] Copying 78 resources from src/main/resources to target/classes
[INFO] 
[INFO] --- compiler:3.14.1:compile (default-compile) @ mall-mbg ---
[INFO] Nothing to compile - all classes are up to date.
[INFO] 
[INFO] --- resources:3.3.1:testResources (default-testResources) @ mall-mbg ---
[INFO] skip non existing resourceDirectory /Users/limeng/软件设计与规范AI/mall/mall-mbg/src/test/resources
[INFO] 
[INFO] --- compiler:3.14.1:testCompile (default-testCompile) @ mall-mbg ---
[INFO] No sources to compile
[INFO] 
[INFO] --- surefire:3.5.5:test (default-test) @ mall-mbg ---
[INFO] No tests to run.
[INFO] 
[INFO] --- jacoco:0.8.13:report (default-cli) @ mall-mbg ---
[INFO] Skipping JaCoCo execution due to missing execution data file.
[INFO] 
[INFO] --------------------< com.macro.mall:mall-security >--------------------
[INFO] Building mall-security 1.0-SNAPSHOT                                [4/5]
[INFO]   from mall-security/pom.xml
[INFO] --------------------------------[ jar ]---------------------------------
[INFO] 
[INFO] --- jacoco:0.8.13:prepare-agent (default-cli) @ mall-security ---
[INFO] argLine set to -javaagent:/Users/limeng/.m2/repository/org/jacoco/org.jacoco.agent/0.8.13/org.jacoco.agent-0.8.13-runtime.jar=destfile=/Users/limeng/软件设计与规范AI/mall/mall-security/target/jacoco.exec
[INFO] 
[INFO] --- resources:3.3.1:resources (default-resources) @ mall-security ---
[INFO] skip non existing resourceDirectory /Users/limeng/软件设计与规范AI/mall/mall-security/src/main/resources
[INFO] skip non existing resourceDirectory /Users/limeng/软件设计与规范AI/mall/mall-security/src/main/resources
[INFO] 
[INFO] --- compiler:3.14.1:compile (default-compile) @ mall-security ---
[INFO] Nothing to compile - all classes are up to date.
[INFO] 
[INFO] --- resources:3.3.1:testResources (default-testResources) @ mall-security ---
[INFO] skip non existing resourceDirectory /Users/limeng/软件设计与规范AI/mall/mall-security/src/test/resources
[INFO] 
[INFO] --- compiler:3.14.1:testCompile (default-testCompile) @ mall-security ---
[INFO] No sources to compile
[INFO] 
[INFO] --- surefire:3.5.5:test (default-test) @ mall-security ---
[INFO] No tests to run.
[INFO] 
[INFO] --- jacoco:0.8.13:report (default-cli) @ mall-security ---
[INFO] Skipping JaCoCo execution due to missing execution data file.
[INFO] 
[INFO] ---------------------< com.macro.mall:mall-portal >---------------------
[INFO] Building mall-portal 1.0-SNAPSHOT                                  [5/5]
[INFO]   from mall-portal/pom.xml
[INFO] --------------------------------[ jar ]---------------------------------
[INFO] 
[INFO] --- jacoco:0.8.13:prepare-agent (default-cli) @ mall-portal ---
[INFO] argLine set to -javaagent:/Users/limeng/.m2/repository/org/jacoco/org.jacoco.agent/0.8.13/org.jacoco.agent-0.8.13-runtime.jar=destfile=/Users/limeng/软件设计与规范AI/mall/mall-portal/target/jacoco.exec
[INFO] 
[INFO] --- resources:3.3.1:resources (default-resources) @ mall-portal ---
[INFO] Copying 3 resources from src/main/resources to target/classes
[INFO] Copying 5 resources from src/main/resources to target/classes
[INFO] 
[INFO] --- compiler:3.14.1:compile (default-compile) @ mall-portal ---
[INFO] Nothing to compile - all classes are up to date.
[INFO] 
[INFO] --- resources:3.3.1:testResources (default-testResources) @ mall-portal ---
[INFO] Copying 1 resource from src/test/resources to target/test-classes
[INFO] 
[INFO] --- compiler:3.14.1:testCompile (default-testCompile) @ mall-portal ---
[INFO] Recompiling the module because of changed source code.
[INFO] Compiling 4 source files with javac [debug parameters release 17] to target/test-classes
[INFO] 
[INFO] --- surefire:3.5.5:test (default-test) @ mall-portal ---
[INFO] Using auto detected provider org.apache.maven.surefire.junitplatform.JUnitPlatformProvider
[INFO] 
[INFO] -------------------------------------------------------
[INFO]  T E S T S
[INFO] -------------------------------------------------------
[INFO] Running com.macro.mall.portal.ExperimentPromotionTest
Standard Commons Logging discovery in action with spring-jcl: please remove commons-logging.jar from classpath in order to avoid potential conflicts
[INFO] Tests run: 1, Failures: 0, Errors: 0, Skipped: 0, Time elapsed: 10.95 s -- in com.macro.mall.portal.ExperimentPromotionTest
[INFO] Running com.macro.mall.portal.ExperimentOrderTest
09:51:37.481 [main] WARN com.macro.mall.portal.service.impl.OmsPortalOrderServiceImpl -- sku 7 available 4 is below 5
[ERROR] Tests run: 3, Failures: 0, Errors: 1, Skipped: 0, Time elapsed: 0.135 s <<< FAILURE! -- in com.macro.mall.portal.ExperimentOrderTest
[ERROR] com.macro.mall.portal.ExperimentOrderTest.warningReadFailureDoesNotChangeSuccessfulPaymentResult -- Time elapsed: 0.003 s <<< ERROR!
org.springframework.dao.DataAccessResourceFailureException: warning read unavailable
	at com.macro.mall.portal.service.impl.OmsPortalOrderServiceImpl.warnSku(OmsPortalOrderServiceImpl.java:783)
	at com.macro.mall.portal.service.impl.OmsPortalOrderServiceImpl.paySuccess(OmsPortalOrderServiceImpl.java:269)
	at com.macro.mall.portal.ExperimentOrderTest.warningReadFailureDoesNotChangeSuccessfulPaymentResult(ExperimentOrderTest.java:129)
	at java.base/java.lang.reflect.Method.invoke(Method.java:569)
	at java.base/java.util.ArrayList.forEach(ArrayList.java:1511)
	at java.base/java.util.ArrayList.forEach(ArrayList.java:1511)

[INFO] 
[INFO] Results:
[INFO] 
[ERROR] Errors: 
[ERROR]   ExperimentOrderTest.warningReadFailureDoesNotChangeSuccessfulPaymentResult:129 » DataAccessResourceFailure warning read unavailable
[INFO] 
[ERROR] Tests run: 4, Failures: 0, Errors: 1, Skipped: 0
[INFO] 
[INFO] ------------------------------------------------------------------------
[INFO] Reactor Summary for mall 1.0-SNAPSHOT:
[INFO] 
[INFO] mall ............................................... SUCCESS [  0.123 s]
[INFO] mall-common ........................................ SUCCESS [  0.182 s]
[INFO] mall-mbg ........................................... SUCCESS [  0.090 s]
[INFO] mall-security ...................................... SUCCESS [  0.020 s]
[INFO] mall-portal ........................................ FAILURE [ 12.135 s]
[INFO] ------------------------------------------------------------------------
[INFO] BUILD FAILURE
[INFO] ------------------------------------------------------------------------
[INFO] Total time:  12.684 s
[INFO] Finished at: 2026-10-03T09:51:37+08:00
[INFO] ------------------------------------------------------------------------
[ERROR] Failed to execute goal org.apache.maven.plugins:maven-surefire-plugin:3.5.5:test (default-test) on project mall-portal: 
[ERROR] 
[ERROR] See /Users/limeng/软件设计与规范AI/mall/mall-portal/target/surefire-reports for the individual test results.
[ERROR] See dump files (if any exist) [date].dump, [date]-jvmRun[N].dump and [date].dumpstream.
[ERROR] -> [Help 1]
[ERROR] 
[ERROR] To see the full stack trace of the errors, re-run Maven with the -e switch.
[ERROR] Re-run Maven using the -X switch to enable full debug logging.
[ERROR] 
[ERROR] For more information about the errors and possible solutions, please read the following articles:
[ERROR] [Help 1] http://cwiki.apache.org/confluence/display/MAVEN/MojoFailureException
[ERROR] 
[ERROR] After correcting the problems, you can resume the build with the command
[ERROR]   mvn <args> -rf :mall-portal
