[INFO] Scanning for projects...
[INFO] ------------------------------------------------------------------------
[INFO] Reactor Build Order:
[INFO] 
[INFO] mall                                                               [pom]
[INFO] mall-common                                                        [jar]
[INFO] mall-mbg                                                           [jar]
[INFO] mall-security                                                      [jar]
[INFO] mall-admin                                                         [jar]
[INFO] 
[INFO] ------------------------< com.macro.mall:mall >-------------------------
[INFO] Building mall 1.0-SNAPSHOT                                         [1/5]
[INFO]   from pom.xml
[INFO] --------------------------------[ pom ]---------------------------------
[INFO] 
[INFO] ---------------------< com.macro.mall:mall-common >---------------------
[INFO] Building mall-common 1.0-SNAPSHOT                                  [2/5]
[INFO]   from mall-common/pom.xml
[INFO] --------------------------------[ jar ]---------------------------------
[INFO] 
[INFO] --- resources:3.3.1:resources (default-resources) @ mall-common ---
[INFO] Copying 0 resource from src/main/resources to target/classes
[INFO] Copying 1 resource from src/main/resources to target/classes
[INFO] 
[INFO] --- compiler:3.14.1:compile (default-compile) @ mall-common ---
[INFO] Nothing to compile - all classes are up to date.
[INFO] 
[INFO] --- resources:3.3.1:testResources (default-testResources) @ mall-common ---
[INFO] skip non existing resourceDirectory /Users/limeng/软件设计与规范AI/mall/mall-common/src/test/resources
[INFO] 
[INFO] --- compiler:3.14.1:testCompile (default-testCompile) @ mall-common ---
[INFO] No sources to compile
[INFO] 
[INFO] --- surefire:3.5.5:test (default-test) @ mall-common ---
[INFO] No tests to run.
[INFO] 
[INFO] ----------------------< com.macro.mall:mall-mbg >-----------------------
[INFO] Building mall-mbg 1.0-SNAPSHOT                                     [3/5]
[INFO]   from mall-mbg/pom.xml
[INFO] --------------------------------[ jar ]---------------------------------
[INFO] 
[INFO] --- resources:3.3.1:resources (default-resources) @ mall-mbg ---
[INFO] Copying 0 resource from src/main/resources to target/classes
[INFO] Copying 78 resources from src/main/resources to target/classes
[INFO] 
[INFO] --- compiler:3.14.1:compile (default-compile) @ mall-mbg ---
[INFO] Nothing to compile - all classes are up to date.
[INFO] 
[INFO] --- resources:3.3.1:testResources (default-testResources) @ mall-mbg ---
[INFO] skip non existing resourceDirectory /Users/limeng/软件设计与规范AI/mall/mall-mbg/src/test/resources
[INFO] 
[INFO] --- compiler:3.14.1:testCompile (default-testCompile) @ mall-mbg ---
[INFO] No sources to compile
[INFO] 
[INFO] --- surefire:3.5.5:test (default-test) @ mall-mbg ---
[INFO] No tests to run.
[INFO] 
[INFO] --------------------< com.macro.mall:mall-security >--------------------
[INFO] Building mall-security 1.0-SNAPSHOT                                [4/5]
[INFO]   from mall-security/pom.xml
[INFO] --------------------------------[ jar ]---------------------------------
[INFO] 
[INFO] --- resources:3.3.1:resources (default-resources) @ mall-security ---
[INFO] skip non existing resourceDirectory /Users/limeng/软件设计与规范AI/mall/mall-security/src/main/resources
[INFO] skip non existing resourceDirectory /Users/limeng/软件设计与规范AI/mall/mall-security/src/main/resources
[INFO] 
[INFO] --- compiler:3.14.1:compile (default-compile) @ mall-security ---
[INFO] Nothing to compile - all classes are up to date.
[INFO] 
[INFO] --- resources:3.3.1:testResources (default-testResources) @ mall-security ---
[INFO] skip non existing resourceDirectory /Users/limeng/软件设计与规范AI/mall/mall-security/src/test/resources
[INFO] 
[INFO] --- compiler:3.14.1:testCompile (default-testCompile) @ mall-security ---
[INFO] No sources to compile
[INFO] 
[INFO] --- surefire:3.5.5:test (default-test) @ mall-security ---
[INFO] No tests to run.
[INFO] 
[INFO] ---------------------< com.macro.mall:mall-admin >----------------------
[INFO] Building mall-admin 1.0-SNAPSHOT                                   [5/5]
[INFO]   from mall-admin/pom.xml
[INFO] --------------------------------[ jar ]---------------------------------
[INFO] 
[INFO] --- resources:3.3.1:resources (default-resources) @ mall-admin ---
[INFO] Copying 3 resources from src/main/resources to target/classes
[INFO] Copying 23 resources from src/main/resources to target/classes
[INFO] 
[INFO] --- compiler:3.14.1:compile (default-compile) @ mall-admin ---
[INFO] Nothing to compile - all classes are up to date.
[INFO] 
[INFO] --- resources:3.3.1:testResources (default-testResources) @ mall-admin ---
[INFO] skip non existing resourceDirectory /Users/limeng/软件设计与规范AI/mall/mall-admin/src/test/resources
[INFO] 
[INFO] --- compiler:3.14.1:testCompile (default-testCompile) @ mall-admin ---
[INFO] Recompiling the module because of changed source code.
[INFO] Compiling 1 source file with javac [debug parameters release 17] to target/test-classes
[INFO] 
[INFO] --- surefire:3.5.5:test (default-test) @ mall-admin ---
[INFO] Using auto detected provider org.apache.maven.surefire.junitplatform.JUnitPlatformProvider
[INFO] 
[INFO] -------------------------------------------------------
[INFO]  T E S T S
[INFO] -------------------------------------------------------
[INFO] Running CandidateAttributeValidationTest
21:22:58.321 [main] INFO org.hibernate.validator.internal.util.Version -- HV000001: Hibernate Validator 8.0.3.Final
[ERROR] Tests run: 1, Failures: 1, Errors: 0, Skipped: 0, Time elapsed: 0.130 s <<< FAILURE! -- in CandidateAttributeValidationTest
[ERROR] CandidateAttributeValidationTest.aPresentCategoryIdCanBeValidated -- Time elapsed: 0.122 s <<< FAILURE!
org.opentest4j.AssertionFailedError: Unexpected exception thrown: jakarta.validation.UnexpectedTypeException: HV000030: No validator could be found for constraint 'jakarta.validation.constraints.NotEmpty' validating type 'java.lang.Long'. Check configuration for 'productAttributeCategoryId'
	at org.junit.jupiter.api.AssertionFailureBuilder.build(AssertionFailureBuilder.java:152)
	at org.junit.jupiter.api.AssertDoesNotThrow.createAssertionFailedError(AssertDoesNotThrow.java:84)
	at org.junit.jupiter.api.AssertDoesNotThrow.assertDoesNotThrow(AssertDoesNotThrow.java:75)
	at org.junit.jupiter.api.AssertDoesNotThrow.assertDoesNotThrow(AssertDoesNotThrow.java:58)
	at org.junit.jupiter.api.Assertions.assertDoesNotThrow(Assertions.java:3259)
	at CandidateAttributeValidationTest.aPresentCategoryIdCanBeValidated(CandidateAttributeValidationTest.java:14)
	at java.base/java.lang.reflect.Method.invoke(Method.java:569)
	at java.base/java.util.ArrayList.forEach(ArrayList.java:1511)
	at java.base/java.util.ArrayList.forEach(ArrayList.java:1511)
Caused by: jakarta.validation.UnexpectedTypeException: HV000030: No validator could be found for constraint 'jakarta.validation.constraints.NotEmpty' validating type 'java.lang.Long'. Check configuration for 'productAttributeCategoryId'
	at org.hibernate.validator.internal.engine.constraintvalidation.ConstraintTree.getExceptionForNullValidator(ConstraintTree.java:116)
	at org.hibernate.validator.internal.engine.constraintvalidation.ConstraintTree.getInitializedConstraintValidator(ConstraintTree.java:162)
	at org.hibernate.validator.internal.engine.constraintvalidation.SimpleConstraintTree.validateConstraints(SimpleConstraintTree.java:58)
	at org.hibernate.validator.internal.engine.constraintvalidation.ConstraintTree.validateConstraints(ConstraintTree.java:75)
	at org.hibernate.validator.internal.metadata.core.MetaConstraint.doValidateConstraint(MetaConstraint.java:130)
	at org.hibernate.validator.internal.metadata.core.MetaConstraint.validateConstraint(MetaConstraint.java:123)
	at org.hibernate.validator.internal.engine.ValidatorImpl.validateMetaConstraint(ValidatorImpl.java:555)
	at org.hibernate.validator.internal.engine.ValidatorImpl.validateConstraintsForSingleDefaultGroupElement(ValidatorImpl.java:518)
	at org.hibernate.validator.internal.engine.ValidatorImpl.validateConstraintsForDefaultGroup(ValidatorImpl.java:488)
	at org.hibernate.validator.internal.engine.ValidatorImpl.validateConstraintsForCurrentGroup(ValidatorImpl.java:450)
	at org.hibernate.validator.internal.engine.ValidatorImpl.validateInContext(ValidatorImpl.java:400)
	at org.hibernate.validator.internal.engine.ValidatorImpl.validateProperty(ValidatorImpl.java:201)
	at CandidateAttributeValidationTest.lambda$aPresentCategoryIdCanBeValidated$0(CandidateAttributeValidationTest.java:15)
	at org.junit.jupiter.api.AssertDoesNotThrow.assertDoesNotThrow(AssertDoesNotThrow.java:71)
	... 6 more

[INFO] 
[INFO] Results:
[INFO] 
[ERROR] Failures: 
[ERROR]   CandidateAttributeValidationTest.aPresentCategoryIdCanBeValidated:14 Unexpected exception thrown: jakarta.validation.UnexpectedTypeException: HV000030: No validator could be found for constraint 'jakarta.validation.constraints.NotEmpty' validating type 'java.lang.Long'. Check configuration for 'productAttributeCategoryId'
[INFO] 
[ERROR] Tests run: 1, Failures: 1, Errors: 0, Skipped: 0
[INFO] 
[INFO] ------------------------------------------------------------------------
[INFO] Reactor Summary for mall 1.0-SNAPSHOT:
[INFO] 
[INFO] mall ............................................... SUCCESS [  0.000 s]
[INFO] mall-common ........................................ SUCCESS [  0.256 s]
[INFO] mall-mbg ........................................... SUCCESS [  0.093 s]
[INFO] mall-security ...................................... SUCCESS [  0.021 s]
[INFO] mall-admin ......................................... FAILURE [  0.912 s]
[INFO] ------------------------------------------------------------------------
[INFO] BUILD FAILURE
[INFO] ------------------------------------------------------------------------
[INFO] Total time:  1.412 s
[INFO] Finished at: 2026-10-03T21:22:58+08:00
[INFO] ------------------------------------------------------------------------
[ERROR] Failed to execute goal org.apache.maven.plugins:maven-surefire-plugin:3.5.5:test (default-test) on project mall-admin: There are test failures.
[ERROR] 
[ERROR] See /Users/limeng/软件设计与规范AI/mall/mall-admin/target/surefire-reports for the individual test results.
[ERROR] See dump files (if any exist) [date].dump, [date]-jvmRun[N].dump and [date].dumpstream.
[ERROR] -> [Help 1]
[ERROR] 
[ERROR] To see the full stack trace of the errors, re-run Maven with the -e switch.
[ERROR] Re-run Maven using the -X switch to enable full debug logging.
[ERROR] 
[ERROR] For more information about the errors and possible solutions, please read the following articles:
[ERROR] [Help 1] http://cwiki.apache.org/confluence/display/MAVEN/MojoFailureException
[ERROR] 
[ERROR] After correcting the problems, you can resume the build with the command
[ERROR]   mvn <args> -rf :mall-admin
