Working directory: /Users/limeng/软件设计与规范AI/mall
Reference revision: dcaa93b3150352e5044708d7211b5bed0af4509f
Command: rtk proxy mvn -B -o -fae -pl SDC/E3,SDC/E4,SDC/E6 -am -DskipTests=false -Dtest=OrderIntegrationTest,PromotionTest,StockWarningTest -Dsurefire.failIfNoSpecifiedTests=false -Djacoco.destFile=/Users/limeng/软件设计与规范AI/mall/SDC/target/jacoco.exec org.jacoco:jacoco-maven-plugin:0.8.13:prepare-agent test
[INFO] Scanning for projects...
[INFO] ------------------------------------------------------------------------
[INFO] Reactor Build Order:
[INFO] 
[INFO] mall                                                               [pom]
[INFO] mall-common                                                        [jar]
[INFO] mall-mbg                                                           [jar]
[INFO] mall-security                                                      [jar]
[INFO] mall-portal                                                        [jar]
[INFO] SDC - software design and convenient                               [pom]
[INFO] SDC E3                                                             [jar]
[INFO] SDC E4                                                             [jar]
[INFO] SDC E6                                                             [jar]
[INFO] 
[INFO] ------------------------< com.macro.mall:mall >-------------------------
[INFO] Building mall 1.0-SNAPSHOT                                         [1/9]
[INFO]   from pom.xml
[INFO] --------------------------------[ pom ]---------------------------------
[INFO] 
[INFO] --- jacoco:0.8.13:prepare-agent (default-cli) @ mall ---
[INFO] argLine set to -javaagent:/Users/limeng/.m2/repository/org/jacoco/org.jacoco.agent/0.8.13/org.jacoco.agent-0.8.13-runtime.jar=destfile=/Users/limeng/软件设计与规范AI/mall/SDC/target/jacoco.exec
[INFO] 
[INFO] ---------------------< com.macro.mall:mall-common >---------------------
[INFO] Building mall-common 1.0-SNAPSHOT                                  [2/9]
[INFO]   from mall-common/pom.xml
[INFO] --------------------------------[ jar ]---------------------------------
[INFO] 
[INFO] --- jacoco:0.8.13:prepare-agent (default-cli) @ mall-common ---
[INFO] argLine set to -javaagent:/Users/limeng/.m2/repository/org/jacoco/org.jacoco.agent/0.8.13/org.jacoco.agent-0.8.13-runtime.jar=destfile=/Users/limeng/软件设计与规范AI/mall/SDC/target/jacoco.exec
[INFO] 
[INFO] --- resources:3.3.1:resources (default-resources) @ mall-common ---
[INFO] Copying 0 resource from src/main/resources to target/classes
[INFO] Copying 1 resource from src/main/resources to target/classes
[INFO] 
[INFO] --- compiler:3.14.1:compile (default-compile) @ mall-common ---
[INFO] Nothing to compile - all classes are up to date.
[INFO] 
[INFO] --- resources:3.3.1:testResources (default-testResources) @ mall-common ---
[INFO] skip non existing resourceDirectory /Users/limeng/软件设计与规范AI/mall/mall-common/src/test/resources
[INFO] 
[INFO] --- compiler:3.14.1:testCompile (default-testCompile) @ mall-common ---
[INFO] No sources to compile
[INFO] 
[INFO] --- surefire:3.5.5:test (default-test) @ mall-common ---
[INFO] No tests to run.
[INFO] 
[INFO] ----------------------< com.macro.mall:mall-mbg >-----------------------
[INFO] Building mall-mbg 1.0-SNAPSHOT                                     [3/9]
[INFO]   from mall-mbg/pom.xml
[INFO] --------------------------------[ jar ]---------------------------------
[INFO] 
[INFO] --- jacoco:0.8.13:prepare-agent (default-cli) @ mall-mbg ---
[INFO] argLine set to -javaagent:/Users/limeng/.m2/repository/org/jacoco/org.jacoco.agent/0.8.13/org.jacoco.agent-0.8.13-runtime.jar=destfile=/Users/limeng/软件设计与规范AI/mall/SDC/target/jacoco.exec
[INFO] 
[INFO] --- resources:3.3.1:resources (default-resources) @ mall-mbg ---
[INFO] Copying 0 resource from src/main/resources to target/classes
[INFO] Copying 78 resources from src/main/resources to target/classes
[INFO] 
[INFO] --- compiler:3.14.1:compile (default-compile) @ mall-mbg ---
[INFO] Nothing to compile - all classes are up to date.
[INFO] 
[INFO] --- resources:3.3.1:testResources (default-testResources) @ mall-mbg ---
[INFO] skip non existing resourceDirectory /Users/limeng/软件设计与规范AI/mall/mall-mbg/src/test/resources
[INFO] 
[INFO] --- compiler:3.14.1:testCompile (default-testCompile) @ mall-mbg ---
[INFO] No sources to compile
[INFO] 
[INFO] --- surefire:3.5.5:test (default-test) @ mall-mbg ---
[INFO] No tests to run.
[INFO] 
[INFO] --------------------< com.macro.mall:mall-security >--------------------
[INFO] Building mall-security 1.0-SNAPSHOT                                [4/9]
[INFO]   from mall-security/pom.xml
[INFO] --------------------------------[ jar ]---------------------------------
[INFO] 
[INFO] --- jacoco:0.8.13:prepare-agent (default-cli) @ mall-security ---
[INFO] argLine set to -javaagent:/Users/limeng/.m2/repository/org/jacoco/org.jacoco.agent/0.8.13/org.jacoco.agent-0.8.13-runtime.jar=destfile=/Users/limeng/软件设计与规范AI/mall/SDC/target/jacoco.exec
[INFO] 
[INFO] --- resources:3.3.1:resources (default-resources) @ mall-security ---
[INFO] skip non existing resourceDirectory /Users/limeng/软件设计与规范AI/mall/mall-security/src/main/resources
[INFO] skip non existing resourceDirectory /Users/limeng/软件设计与规范AI/mall/mall-security/src/main/resources
[INFO] 
[INFO] --- compiler:3.14.1:compile (default-compile) @ mall-security ---
[INFO] Nothing to compile - all classes are up to date.
[INFO] 
[INFO] --- resources:3.3.1:testResources (default-testResources) @ mall-security ---
[INFO] skip non existing resourceDirectory /Users/limeng/软件设计与规范AI/mall/mall-security/src/test/resources
[INFO] 
[INFO] --- compiler:3.14.1:testCompile (default-testCompile) @ mall-security ---
[INFO] No sources to compile
[INFO] 
[INFO] --- surefire:3.5.5:test (default-test) @ mall-security ---
[INFO] No tests to run.
[INFO] 
[INFO] ---------------------< com.macro.mall:mall-portal >---------------------
[INFO] Building mall-portal 1.0-SNAPSHOT                                  [5/9]
[INFO]   from mall-portal/pom.xml
[INFO] --------------------------------[ jar ]---------------------------------
[INFO] 
[INFO] --- jacoco:0.8.13:prepare-agent (default-cli) @ mall-portal ---
[INFO] argLine set to -javaagent:/Users/limeng/.m2/repository/org/jacoco/org.jacoco.agent/0.8.13/org.jacoco.agent-0.8.13-runtime.jar=destfile=/Users/limeng/软件设计与规范AI/mall/SDC/target/jacoco.exec
[INFO] 
[INFO] --- resources:3.3.1:resources (default-resources) @ mall-portal ---
[INFO] Copying 3 resources from src/main/resources to target/classes
[INFO] Copying 5 resources from src/main/resources to target/classes
[INFO] 
[INFO] --- compiler:3.14.1:compile (default-compile) @ mall-portal ---
[INFO] Nothing to compile - all classes are up to date.
[INFO] 
[INFO] --- resources:3.3.1:testResources (default-testResources) @ mall-portal ---
[INFO] Copying 1 resource from src/test/resources to target/test-classes
[INFO] 
[INFO] --- compiler:3.14.1:testCompile (default-testCompile) @ mall-portal ---
[INFO] Nothing to compile - all classes are up to date.
[INFO] 
[INFO] --- surefire:3.5.5:test (default-test) @ mall-portal ---
[INFO] 
[INFO] -------------------------< com.macro.mall:sdc >-------------------------
[INFO] Building SDC - software design and convenient 1.0-SNAPSHOT         [6/9]
[INFO]   from SDC/pom.xml
[INFO] --------------------------------[ pom ]---------------------------------
[INFO] 
[INFO] --- jacoco:0.8.13:prepare-agent (default-cli) @ sdc ---
[INFO] argLine set to -javaagent:/Users/limeng/.m2/repository/org/jacoco/org.jacoco.agent/0.8.13/org.jacoco.agent-0.8.13-runtime.jar=destfile=/Users/limeng/软件设计与规范AI/mall/SDC/target/jacoco.exec
[INFO] 
[INFO] -----------------------< com.macro.mall:sdc-e3 >------------------------
[INFO] Building SDC E3 1.0-SNAPSHOT                                       [7/9]
[INFO]   from SDC/E3/pom.xml
[INFO] --------------------------------[ jar ]---------------------------------
[INFO] 
[INFO] --- jacoco:0.8.13:prepare-agent (default-cli) @ sdc-e3 ---
[INFO] argLine set to -javaagent:/Users/limeng/.m2/repository/org/jacoco/org.jacoco.agent/0.8.13/org.jacoco.agent-0.8.13-runtime.jar=destfile=/Users/limeng/软件设计与规范AI/mall/SDC/target/jacoco.exec
[INFO] 
[INFO] --- resources:3.3.1:resources (default-resources) @ sdc-e3 ---
[INFO] skip non existing resourceDirectory /Users/limeng/软件设计与规范AI/mall/SDC/E3/src/main/resources
[INFO] skip non existing resourceDirectory /Users/limeng/软件设计与规范AI/mall/SDC/E3/src/main/resources
[INFO] 
[INFO] --- compiler:3.14.1:compile (default-compile) @ sdc-e3 ---
[INFO] No sources to compile
[INFO] 
[INFO] --- resources:3.3.1:testResources (default-testResources) @ sdc-e3 ---
[INFO] Copying 1 resource from src/test/resources to target/test-classes
[INFO] 
[INFO] --- compiler:3.14.1:testCompile (default-testCompile) @ sdc-e3 ---
[INFO] Nothing to compile - all classes are up to date.
[INFO] 
[INFO] --- surefire:3.5.5:test (default-test) @ sdc-e3 ---
[INFO] Using auto detected provider org.apache.maven.surefire.junitplatform.JUnitPlatformProvider
[INFO] 
[INFO] -------------------------------------------------------
[INFO]  T E S T S
[INFO] -------------------------------------------------------
[INFO] Running com.macro.mall.sdc.e3.OrderIntegrationTest
Standard Commons Logging discovery in action with spring-jcl: please remove commons-logging.jar from classpath in order to avoid potential conflicts
[INFO] Tests run: 4, Failures: 0, Errors: 0, Skipped: 0, Time elapsed: 11.03 s -- in com.macro.mall.sdc.e3.OrderIntegrationTest
[INFO] 
[INFO] Results:
[INFO] 
[INFO] Tests run: 4, Failures: 0, Errors: 0, Skipped: 0
[INFO] 
[INFO] 
[INFO] -----------------------< com.macro.mall:sdc-e4 >------------------------
[INFO] Building SDC E4 1.0-SNAPSHOT                                       [8/9]
[INFO]   from SDC/E4/pom.xml
[INFO] --------------------------------[ jar ]---------------------------------
[INFO] 
[INFO] --- jacoco:0.8.13:prepare-agent (default-cli) @ sdc-e4 ---
[INFO] argLine set to -javaagent:/Users/limeng/.m2/repository/org/jacoco/org.jacoco.agent/0.8.13/org.jacoco.agent-0.8.13-runtime.jar=destfile=/Users/limeng/软件设计与规范AI/mall/SDC/target/jacoco.exec
[INFO] 
[INFO] --- resources:3.3.1:resources (default-resources) @ sdc-e4 ---
[INFO] skip non existing resourceDirectory /Users/limeng/软件设计与规范AI/mall/SDC/E4/src/main/resources
[INFO] skip non existing resourceDirectory /Users/limeng/软件设计与规范AI/mall/SDC/E4/src/main/resources
[INFO] 
[INFO] --- compiler:3.14.1:compile (default-compile) @ sdc-e4 ---
[INFO] No sources to compile
[INFO] 
[INFO] --- resources:3.3.1:testResources (default-testResources) @ sdc-e4 ---
[INFO] Copying 1 resource from src/test/resources to target/test-classes
[INFO] 
[INFO] --- compiler:3.14.1:testCompile (default-testCompile) @ sdc-e4 ---
[INFO] Nothing to compile - all classes are up to date.
[INFO] 
[INFO] --- surefire:3.5.5:test (default-test) @ sdc-e4 ---
[INFO] Using auto detected provider org.apache.maven.surefire.junitplatform.JUnitPlatformProvider
[INFO] 
[INFO] -------------------------------------------------------
[INFO]  T E S T S
[INFO] -------------------------------------------------------
[INFO] Running com.macro.mall.sdc.e4.PromotionTest
Standard Commons Logging discovery in action with spring-jcl: please remove commons-logging.jar from classpath in order to avoid potential conflicts
[INFO] Tests run: 1, Failures: 0, Errors: 0, Skipped: 0, Time elapsed: 10.96 s -- in com.macro.mall.sdc.e4.PromotionTest
[INFO] 
[INFO] Results:
[INFO] 
[INFO] Tests run: 1, Failures: 0, Errors: 0, Skipped: 0
[INFO] 
[INFO] 
[INFO] -----------------------< com.macro.mall:sdc-e6 >------------------------
[INFO] Building SDC E6 1.0-SNAPSHOT                                       [9/9]
[INFO]   from SDC/E6/pom.xml
[INFO] --------------------------------[ jar ]---------------------------------
[INFO] 
[INFO] --- jacoco:0.8.13:prepare-agent (default-cli) @ sdc-e6 ---
[INFO] argLine set to -javaagent:/Users/limeng/.m2/repository/org/jacoco/org.jacoco.agent/0.8.13/org.jacoco.agent-0.8.13-runtime.jar=destfile=/Users/limeng/软件设计与规范AI/mall/SDC/target/jacoco.exec
[INFO] 
[INFO] --- resources:3.3.1:resources (default-resources) @ sdc-e6 ---
[INFO] skip non existing resourceDirectory /Users/limeng/软件设计与规范AI/mall/SDC/E6/src/main/resources
[INFO] skip non existing resourceDirectory /Users/limeng/软件设计与规范AI/mall/SDC/E6/src/main/resources
[INFO] 
[INFO] --- compiler:3.14.1:compile (default-compile) @ sdc-e6 ---
[INFO] No sources to compile
[INFO] 
[INFO] --- resources:3.3.1:testResources (default-testResources) @ sdc-e6 ---
[INFO] Copying 1 resource from src/test/resources to target/test-classes
[INFO] 
[INFO] --- compiler:3.14.1:testCompile (default-testCompile) @ sdc-e6 ---
[INFO] Nothing to compile - all classes are up to date.
[INFO] 
[INFO] --- surefire:3.5.5:test (default-test) @ sdc-e6 ---
[INFO] Using auto detected provider org.apache.maven.surefire.junitplatform.JUnitPlatformProvider
[INFO] 
[INFO] -------------------------------------------------------
[INFO]  T E S T S
[INFO] -------------------------------------------------------
[INFO] Running com.macro.mall.sdc.e6.StockWarningTest
Standard Commons Logging discovery in action with spring-jcl: please remove commons-logging.jar from classpath in order to avoid potential conflicts
11:02:41.553 [main] WARN com.macro.mall.portal.service.impl.OmsPortalOrderServiceImpl -- sku 7 available 4 is below 5
11:02:41.563 [main] WARN com.macro.mall.portal.service.impl.OmsPortalOrderServiceImpl -- sku 7 warning unavailable
[INFO] Tests run: 2, Failures: 0, Errors: 0, Skipped: 0, Time elapsed: 10.94 s -- in com.macro.mall.sdc.e6.StockWarningTest
[INFO] 
[INFO] Results:
[INFO] 
[INFO] Tests run: 2, Failures: 0, Errors: 0, Skipped: 0
[INFO] 
[INFO] ------------------------------------------------------------------------
[INFO] Reactor Summary for mall 1.0-SNAPSHOT:
[INFO] 
[INFO] mall ............................................... SUCCESS [  0.117 s]
[INFO] mall-common ........................................ SUCCESS [  0.189 s]
[INFO] mall-mbg ........................................... SUCCESS [  0.085 s]
[INFO] mall-security ...................................... SUCCESS [  0.017 s]
[INFO] mall-portal ........................................ SUCCESS [  0.053 s]
[INFO] SDC - software design and convenient ............... SUCCESS [  0.003 s]
[INFO] SDC E3 ............................................. SUCCESS [ 11.491 s]
[INFO] SDC E4 ............................................. SUCCESS [ 11.334 s]
[INFO] SDC E6 ............................................. SUCCESS [ 11.320 s]
[INFO] ------------------------------------------------------------------------
[INFO] BUILD SUCCESS
[INFO] ------------------------------------------------------------------------
[INFO] Total time:  34.761 s
[INFO] Finished at: 2026-10-03T11:02:41+08:00
[INFO] ------------------------------------------------------------------------
