[INFO] Scanning for projects...
[INFO] ------------------------------------------------------------------------
[INFO] Reactor Build Order:
[INFO] 
[INFO] mall                                                               [pom]
[INFO] mall-common                                                        [jar]
[INFO] mall-mbg                                                           [jar]
[INFO] mall-security                                                      [jar]
[INFO] mall-portal                                                        [jar]
[INFO] SDC - software design and convenient                               [pom]
[INFO] SDC E7                                                             [jar]
[INFO] 
[INFO] ------------------------< com.macro.mall:mall >-------------------------
[INFO] Building mall 1.0-SNAPSHOT                                         [1/7]
[INFO]   from pom.xml
[INFO] --------------------------------[ pom ]---------------------------------
[INFO] 
[INFO] ---------------------< com.macro.mall:mall-common >---------------------
[INFO] Building mall-common 1.0-SNAPSHOT                                  [2/7]
[INFO]   from mall-common/pom.xml
[INFO] --------------------------------[ jar ]---------------------------------
[INFO] 
[INFO] --- resources:3.3.1:resources (default-resources) @ mall-common ---
[INFO] Copying 0 resource from src/main/resources to target/classes
[INFO] Copying 1 resource from src/main/resources to target/classes
[INFO] 
[INFO] --- compiler:3.14.1:compile (default-compile) @ mall-common ---
[INFO] Nothing to compile - all classes are up to date.
[INFO] 
[INFO] --- resources:3.3.1:testResources (default-testResources) @ mall-common ---
[INFO] skip non existing resourceDirectory /Users/limeng/软件设计与规范AI/mall/mall-common/src/test/resources
[INFO] 
[INFO] --- compiler:3.14.1:testCompile (default-testCompile) @ mall-common ---
[INFO] No sources to compile
[INFO] 
[INFO] --- surefire:3.5.5:test (default-test) @ mall-common ---
[INFO] Tests are skipped.
[INFO] 
[INFO] ----------------------< com.macro.mall:mall-mbg >-----------------------
[INFO] Building mall-mbg 1.0-SNAPSHOT                                     [3/7]
[INFO]   from mall-mbg/pom.xml
[INFO] --------------------------------[ jar ]---------------------------------
[INFO] 
[INFO] --- resources:3.3.1:resources (default-resources) @ mall-mbg ---
[INFO] Copying 0 resource from src/main/resources to target/classes
[INFO] Copying 78 resources from src/main/resources to target/classes
[INFO] 
[INFO] --- compiler:3.14.1:compile (default-compile) @ mall-mbg ---
[INFO] Nothing to compile - all classes are up to date.
[INFO] 
[INFO] --- resources:3.3.1:testResources (default-testResources) @ mall-mbg ---
[INFO] skip non existing resourceDirectory /Users/limeng/软件设计与规范AI/mall/mall-mbg/src/test/resources
[INFO] 
[INFO] --- compiler:3.14.1:testCompile (default-testCompile) @ mall-mbg ---
[INFO] No sources to compile
[INFO] 
[INFO] --- surefire:3.5.5:test (default-test) @ mall-mbg ---
[INFO] Tests are skipped.
[INFO] 
[INFO] --------------------< com.macro.mall:mall-security >--------------------
[INFO] Building mall-security 1.0-SNAPSHOT                                [4/7]
[INFO]   from mall-security/pom.xml
[INFO] --------------------------------[ jar ]---------------------------------
[INFO] 
[INFO] --- resources:3.3.1:resources (default-resources) @ mall-security ---
[INFO] skip non existing resourceDirectory /Users/limeng/软件设计与规范AI/mall/mall-security/src/main/resources
[INFO] skip non existing resourceDirectory /Users/limeng/软件设计与规范AI/mall/mall-security/src/main/resources
[INFO] 
[INFO] --- compiler:3.14.1:compile (default-compile) @ mall-security ---
[INFO] Nothing to compile - all classes are up to date.
[INFO] 
[INFO] --- resources:3.3.1:testResources (default-testResources) @ mall-security ---
[INFO] skip non existing resourceDirectory /Users/limeng/软件设计与规范AI/mall/mall-security/src/test/resources
[INFO] 
[INFO] --- compiler:3.14.1:testCompile (default-testCompile) @ mall-security ---
[INFO] No sources to compile
[INFO] 
[INFO] --- surefire:3.5.5:test (default-test) @ mall-security ---
[INFO] Tests are skipped.
[INFO] 
[INFO] ---------------------< com.macro.mall:mall-portal >---------------------
[INFO] Building mall-portal 1.0-SNAPSHOT                                  [5/7]
[INFO]   from mall-portal/pom.xml
[INFO] --------------------------------[ jar ]---------------------------------
[INFO] 
[INFO] --- resources:3.3.1:resources (default-resources) @ mall-portal ---
[INFO] Copying 3 resources from src/main/resources to target/classes
[INFO] Copying 5 resources from src/main/resources to target/classes
[INFO] 
[INFO] --- compiler:3.14.1:compile (default-compile) @ mall-portal ---
[INFO] Nothing to compile - all classes are up to date.
[INFO] 
[INFO] --- resources:3.3.1:testResources (default-testResources) @ mall-portal ---
[INFO] skip non existing resourceDirectory /Users/limeng/软件设计与规范AI/mall/mall-portal/src/test/resources
[INFO] 
[INFO] --- compiler:3.14.1:testCompile (default-testCompile) @ mall-portal ---
[INFO] Nothing to compile - all classes are up to date.
[INFO] 
[INFO] --- surefire:3.5.5:test (default-test) @ mall-portal ---
[INFO] Tests are skipped.
[INFO] 
[INFO] -------------------------< com.macro.mall:sdc >-------------------------
[INFO] Building SDC - software design and convenient 1.0-SNAPSHOT         [6/7]
[INFO]   from SDC/pom.xml
[INFO] --------------------------------[ pom ]---------------------------------
[INFO] 
[INFO] -----------------------< com.macro.mall:sdc-e7 >------------------------
[INFO] Building SDC E7 1.0-SNAPSHOT                                       [7/7]
[INFO]   from SDC/E7/pom.xml
[INFO] --------------------------------[ jar ]---------------------------------
[INFO] 
[INFO] --- resources:3.3.1:resources (default-resources) @ sdc-e7 ---
[INFO] skip non existing resourceDirectory /Users/limeng/软件设计与规范AI/mall/SDC/E7/src/main/resources
[INFO] skip non existing resourceDirectory /Users/limeng/软件设计与规范AI/mall/SDC/E7/src/main/resources
[INFO] 
[INFO] --- compiler:3.14.1:compile (default-compile) @ sdc-e7 ---
[INFO] Nothing to compile - all classes are up to date.
[INFO] 
[INFO] --- resources:3.3.1:testResources (default-testResources) @ sdc-e7 ---
[INFO] Copying 1 resource from src/test/resources to target/test-classes
[INFO] 
[INFO] --- compiler:3.14.1:testCompile (default-testCompile) @ sdc-e7 ---
[INFO] Recompiling the module because of changed source code.
[INFO] Compiling 4 source files with javac [debug parameters release 17] to target/test-classes
[INFO] 
[INFO] --- surefire:3.5.5:test (default-test) @ sdc-e7 ---
[INFO] Using auto detected provider org.apache.maven.surefire.junitplatform.JUnitPlatformProvider
[INFO] 
[INFO] -------------------------------------------------------
[INFO]  T E S T S
[INFO] -------------------------------------------------------
[INFO] Running com.macro.mall.sdc.e7.ProductQueryTest
Standard Commons Logging discovery in action with spring-jcl: please remove commons-logging.jar from classpath in order to avoid potential conflicts
[ERROR] Tests run: 1, Failures: 1, Errors: 0, Skipped: 0, Time elapsed: 0.430 s <<< FAILURE! -- in com.macro.mall.sdc.e7.ProductQueryTest
[ERROR] com.macro.mall.sdc.e7.ProductQueryTest.literalNameCharactersAreEscapedInsteadOfRejectedOrExpanded -- Time elapsed: 0.419 s <<< FAILURE!
org.opentest4j.AssertionFailedError: Unexpected exception thrown: java.lang.IllegalArgumentException: 名称必须为1–200字的普通文本，不支持LIKE通配符
	at org.junit.jupiter.api.AssertionFailureBuilder.build(AssertionFailureBuilder.java:152)
	at org.junit.jupiter.api.AssertDoesNotThrow.createAssertionFailedError(AssertDoesNotThrow.java:84)
	at org.junit.jupiter.api.AssertDoesNotThrow.assertDoesNotThrow(AssertDoesNotThrow.java:75)
	at org.junit.jupiter.api.AssertDoesNotThrow.assertDoesNotThrow(AssertDoesNotThrow.java:58)
	at org.junit.jupiter.api.Assertions.assertDoesNotThrow(Assertions.java:3259)
	at com.macro.mall.sdc.e7.ProductQueryTest.literalNameCharactersAreEscapedInsteadOfRejectedOrExpanded(ProductQueryTest.java:36)
	at java.base/java.lang.reflect.Method.invoke(Method.java:569)
	at java.base/java.util.ArrayList.forEach(ArrayList.java:1511)
	at java.base/java.util.ArrayList.forEach(ArrayList.java:1511)
Caused by: java.lang.IllegalArgumentException: 名称必须为1–200字的普通文本，不支持LIKE通配符
	at com.macro.mall.portal.query.ProductQueryCriteria.<init>(ProductQueryCriteria.java:11)
	at com.macro.mall.portal.query.ExistingProductQueryService.query(ExistingProductQueryService.java:11)
	at com.macro.mall.sdc.e7.ProductQueryTest.lambda$literalNameCharactersAreEscapedInsteadOfRejectedOrExpanded$2(ProductQueryTest.java:36)
	at org.junit.jupiter.api.AssertDoesNotThrow.assertDoesNotThrow(AssertDoesNotThrow.java:71)
	... 6 more

[INFO] 
[INFO] Results:
[INFO] 
[ERROR] Failures: 
[ERROR]   ProductQueryTest.literalNameCharactersAreEscapedInsteadOfRejectedOrExpanded:36 Unexpected exception thrown: java.lang.IllegalArgumentException: 名称必须为1–200字的普通文本，不支持LIKE通配符
[INFO] 
[ERROR] Tests run: 1, Failures: 1, Errors: 0, Skipped: 0
[INFO] 
[INFO] ------------------------------------------------------------------------
[INFO] Reactor Summary for mall 1.0-SNAPSHOT:
[INFO] 
[INFO] mall ............................................... SUCCESS [  0.002 s]
[INFO] mall-common ........................................ SUCCESS [  0.353 s]
[INFO] mall-mbg ........................................... SUCCESS [  0.097 s]
[INFO] mall-security ...................................... SUCCESS [  0.022 s]
[INFO] mall-portal ........................................ SUCCESS [  0.069 s]
[INFO] SDC - software design and convenient ............... SUCCESS [  0.000 s]
[INFO] SDC E7 ............................................. FAILURE [  1.448 s]
[INFO] ------------------------------------------------------------------------
[INFO] BUILD FAILURE
[INFO] ------------------------------------------------------------------------
[INFO] Total time:  2.154 s
[INFO] Finished at: 2026-10-03T11:33:28+08:00
[INFO] ------------------------------------------------------------------------
[ERROR] Failed to execute goal org.apache.maven.plugins:maven-surefire-plugin:3.5.5:test (default-test) on project sdc-e7: There are test failures.
[ERROR] 
[ERROR] See /Users/limeng/软件设计与规范AI/mall/SDC/E7/target/surefire-reports for the individual test results.
[ERROR] See dump files (if any exist) [date].dump, [date]-jvmRun[N].dump and [date].dumpstream.
[ERROR] -> [Help 1]
[ERROR] 
[ERROR] To see the full stack trace of the errors, re-run Maven with the -e switch.
[ERROR] Re-run Maven using the -X switch to enable full debug logging.
[ERROR] 
[ERROR] For more information about the errors and possible solutions, please read the following articles:
[ERROR] [Help 1] http://cwiki.apache.org/confluence/display/MAVEN/MojoFailureException
[ERROR] 
[ERROR] After correcting the problems, you can resume the build with the command
[ERROR]   mvn <args> -rf :sdc-e7
