Working directory: /var/folders/hb/hz54g18d48sbpj3s6kmtc00w0000gn/T/sdc-original-18100362863866713716
Reference revision: dcaa93b3150352e5044708d7211b5bed0af4509f
Command: rtk proxy mvn -B -o -fae -pl SDC/E4 -am -DskipTests=false -Dtest=PromotionTest -Dsurefire.failIfNoSpecifiedTests=false test
[INFO] Scanning for projects...
[INFO] ------------------------------------------------------------------------
[INFO] Reactor Build Order:
[INFO] 
[INFO] mall                                                               [pom]
[INFO] mall-common                                                        [jar]
[INFO] mall-mbg                                                           [jar]
[INFO] mall-security                                                      [jar]
[INFO] mall-portal                                                        [jar]
[INFO] SDC - software design and convenient                               [pom]
[INFO] SDC E4                                                             [jar]
[INFO] 
[INFO] ------------------------< com.macro.mall:mall >-------------------------
[INFO] Building mall 1.0-SNAPSHOT                                         [1/7]
[INFO]   from pom.xml
[INFO] --------------------------------[ pom ]---------------------------------
[INFO] 
[INFO] ---------------------< com.macro.mall:mall-common >---------------------
[INFO] Building mall-common 1.0-SNAPSHOT                                  [2/7]
[INFO]   from mall-common/pom.xml
[INFO] --------------------------------[ jar ]---------------------------------
[INFO] 
[INFO] --- resources:3.3.1:resources (default-resources) @ mall-common ---
[INFO] Copying 0 resource from src/main/resources to target/classes
[INFO] Copying 1 resource from src/main/resources to target/classes
[INFO] 
[INFO] --- compiler:3.14.1:compile (default-compile) @ mall-common ---
[INFO] Recompiling the module because of changed source code.
[INFO] Compiling 14 source files with javac [debug parameters release 17] to target/classes
[INFO] 
[INFO] --- resources:3.3.1:testResources (default-testResources) @ mall-common ---
[INFO] skip non existing resourceDirectory /private/var/folders/hb/hz54g18d48sbpj3s6kmtc00w0000gn/T/sdc-original-18100362863866713716/mall-common/src/test/resources
[INFO] 
[INFO] --- compiler:3.14.1:testCompile (default-testCompile) @ mall-common ---
[INFO] No sources to compile
[INFO] 
[INFO] --- surefire:3.5.5:test (default-test) @ mall-common ---
[INFO] No tests to run.
[INFO] 
[INFO] ----------------------< com.macro.mall:mall-mbg >-----------------------
[INFO] Building mall-mbg 1.0-SNAPSHOT                                     [3/7]
[INFO]   from mall-mbg/pom.xml
[INFO] --------------------------------[ jar ]---------------------------------
[INFO] 
[INFO] --- resources:3.3.1:resources (default-resources) @ mall-mbg ---
[INFO] Copying 0 resource from src/main/resources to target/classes
[INFO] Copying 78 resources from src/main/resources to target/classes
[INFO] 
[INFO] --- compiler:3.14.1:compile (default-compile) @ mall-mbg ---
[INFO] Recompiling the module because of changed dependency.
[INFO] Compiling 230 source files with javac [debug parameters release 17] to target/classes
[INFO] 
[INFO] --- resources:3.3.1:testResources (default-testResources) @ mall-mbg ---
[INFO] skip non existing resourceDirectory /private/var/folders/hb/hz54g18d48sbpj3s6kmtc00w0000gn/T/sdc-original-18100362863866713716/mall-mbg/src/test/resources
[INFO] 
[INFO] --- compiler:3.14.1:testCompile (default-testCompile) @ mall-mbg ---
[INFO] No sources to compile
[INFO] 
[INFO] --- surefire:3.5.5:test (default-test) @ mall-mbg ---
[INFO] No tests to run.
[INFO] 
[INFO] --------------------< com.macro.mall:mall-security >--------------------
[INFO] Building mall-security 1.0-SNAPSHOT                                [4/7]
[INFO]   from mall-security/pom.xml
[INFO] --------------------------------[ jar ]---------------------------------
[INFO] 
[INFO] --- resources:3.3.1:resources (default-resources) @ mall-security ---
[INFO] skip non existing resourceDirectory /private/var/folders/hb/hz54g18d48sbpj3s6kmtc00w0000gn/T/sdc-original-18100362863866713716/mall-security/src/main/resources
[INFO] skip non existing resourceDirectory /private/var/folders/hb/hz54g18d48sbpj3s6kmtc00w0000gn/T/sdc-original-18100362863866713716/mall-security/src/main/resources
[INFO] 
[INFO] --- compiler:3.14.1:compile (default-compile) @ mall-security ---
[INFO] Recompiling the module because of changed dependency.
[INFO] Compiling 14 source files with javac [debug parameters release 17] to target/classes
[INFO] /private/var/folders/hb/hz54g18d48sbpj3s6kmtc00w0000gn/T/sdc-original-18100362863866713716/mall-security/src/main/java/com/macro/mall/security/component/DynamicAuthorizationManager.java: 某些输入文件使用或覆盖了已过时的 API。
[INFO] /private/var/folders/hb/hz54g18d48sbpj3s6kmtc00w0000gn/T/sdc-original-18100362863866713716/mall-security/src/main/java/com/macro/mall/security/component/DynamicAuthorizationManager.java: 有关详细信息, 请使用 -Xlint:deprecation 重新编译。
[INFO] 
[INFO] --- resources:3.3.1:testResources (default-testResources) @ mall-security ---
[INFO] skip non existing resourceDirectory /private/var/folders/hb/hz54g18d48sbpj3s6kmtc00w0000gn/T/sdc-original-18100362863866713716/mall-security/src/test/resources
[INFO] 
[INFO] --- compiler:3.14.1:testCompile (default-testCompile) @ mall-security ---
[INFO] No sources to compile
[INFO] 
[INFO] --- surefire:3.5.5:test (default-test) @ mall-security ---
[INFO] No tests to run.
[INFO] 
[INFO] ---------------------< com.macro.mall:mall-portal >---------------------
[INFO] Building mall-portal 1.0-SNAPSHOT                                  [5/7]
[INFO]   from mall-portal/pom.xml
[INFO] --------------------------------[ jar ]---------------------------------
[INFO] 
[INFO] --- resources:3.3.1:resources (default-resources) @ mall-portal ---
[INFO] Copying 3 resources from src/main/resources to target/classes
[INFO] Copying 5 resources from src/main/resources to target/classes
[INFO] 
[INFO] --- compiler:3.14.1:compile (default-compile) @ mall-portal ---
[INFO] Recompiling the module because of changed dependency.
[INFO] Compiling 91 source files with javac [debug parameters release 17] to target/classes
[INFO] /private/var/folders/hb/hz54g18d48sbpj3s6kmtc00w0000gn/T/sdc-original-18100362863866713716/mall-portal/src/main/java/com/macro/mall/portal/config/JacksonConfig.java: /private/var/folders/hb/hz54g18d48sbpj3s6kmtc00w0000gn/T/sdc-original-18100362863866713716/mall-portal/src/main/java/com/macro/mall/portal/config/JacksonConfig.java使用或覆盖了已过时的 API。
[INFO] /private/var/folders/hb/hz54g18d48sbpj3s6kmtc00w0000gn/T/sdc-original-18100362863866713716/mall-portal/src/main/java/com/macro/mall/portal/config/JacksonConfig.java: 有关详细信息, 请使用 -Xlint:deprecation 重新编译。
[INFO] 
[INFO] --- resources:3.3.1:testResources (default-testResources) @ mall-portal ---
[INFO] Copying 1 resource from src/test/resources to target/test-classes
[INFO] 
[INFO] --- compiler:3.14.1:testCompile (default-testCompile) @ mall-portal ---
[INFO] Recompiling the module because of changed dependency.
[INFO] Compiling 2 source files with javac [debug parameters release 17] to target/test-classes
[INFO] 
[INFO] --- surefire:3.5.5:test (default-test) @ mall-portal ---
[INFO] 
[INFO] -------------------------< com.macro.mall:sdc >-------------------------
[INFO] Building SDC - software design and convenient 1.0-SNAPSHOT         [6/7]
[INFO]   from SDC/pom.xml
[INFO] --------------------------------[ pom ]---------------------------------
[INFO] 
[INFO] -----------------------< com.macro.mall:sdc-e4 >------------------------
[INFO] Building SDC E4 1.0-SNAPSHOT                                       [7/7]
[INFO]   from SDC/E4/pom.xml
[INFO] --------------------------------[ jar ]---------------------------------
[INFO] 
[INFO] --- resources:3.3.1:resources (default-resources) @ sdc-e4 ---
[INFO] skip non existing resourceDirectory /private/var/folders/hb/hz54g18d48sbpj3s6kmtc00w0000gn/T/sdc-original-18100362863866713716/SDC/E4/src/main/resources
[INFO] skip non existing resourceDirectory /private/var/folders/hb/hz54g18d48sbpj3s6kmtc00w0000gn/T/sdc-original-18100362863866713716/SDC/E4/src/main/resources
[INFO] 
[INFO] --- compiler:3.14.1:compile (default-compile) @ sdc-e4 ---
[INFO] No sources to compile
[INFO] 
[INFO] --- resources:3.3.1:testResources (default-testResources) @ sdc-e4 ---
[INFO] Copying 1 resource from src/test/resources to target/test-classes
[INFO] 
[INFO] --- compiler:3.14.1:testCompile (default-testCompile) @ sdc-e4 ---
[INFO] Recompiling the module because of changed dependency.
[INFO] Compiling 1 source file with javac [debug parameters release 17] to target/test-classes
[INFO] 
[INFO] --- surefire:3.5.5:test (default-test) @ sdc-e4 ---
[INFO] Using auto detected provider org.apache.maven.surefire.junitplatform.JUnitPlatformProvider
[INFO] 
[INFO] -------------------------------------------------------
[INFO]  T E S T S
[INFO] -------------------------------------------------------
[INFO] Running com.macro.mall.sdc.e4.PromotionTest
Standard Commons Logging discovery in action with spring-jcl: please remove commons-logging.jar from classpath in order to avoid potential conflicts
[INFO] Tests run: 1, Failures: 0, Errors: 0, Skipped: 0, Time elapsed: 10.77 s -- in com.macro.mall.sdc.e4.PromotionTest
[INFO] 
[INFO] Results:
[INFO] 
[INFO] Tests run: 1, Failures: 0, Errors: 0, Skipped: 0
[INFO] 
[INFO] ------------------------------------------------------------------------
[INFO] Reactor Summary for mall 1.0-SNAPSHOT:
[INFO] 
[INFO] mall ............................................... SUCCESS [  0.001 s]
[INFO] mall-common ........................................ SUCCESS [  0.902 s]
[INFO] mall-mbg ........................................... SUCCESS [  1.322 s]
[INFO] mall-security ...................................... SUCCESS [  0.286 s]
[INFO] mall-portal ........................................ SUCCESS [  0.783 s]
[INFO] SDC - software design and convenient ............... SUCCESS [  0.000 s]
[INFO] SDC E4 ............................................. SUCCESS [ 11.198 s]
[INFO] ------------------------------------------------------------------------
[INFO] BUILD SUCCESS
[INFO] ------------------------------------------------------------------------
[INFO] Total time:  14.633 s
[INFO] Finished at: 2026-10-03T11:03:12+08:00
[INFO] ------------------------------------------------------------------------
