Working directory: /var/folders/hb/hz54g18d48sbpj3s6kmtc00w0000gn/T/sdc-original-18100362863866713716
Reference revision: dcaa93b3150352e5044708d7211b5bed0af4509f
Command: rtk proxy mvn -B -o -fae -pl SDC/E3,SDC/E6 -am -DskipTests=false -Dtest=OrderIntegrationTest,StockWarningTest -Dsurefire.failIfNoSpecifiedTests=false test
[INFO] Scanning for projects...
[INFO] ------------------------------------------------------------------------
[INFO] Reactor Build Order:
[INFO] 
[INFO] mall                                                               [pom]
[INFO] mall-common                                                        [jar]
[INFO] mall-mbg                                                           [jar]
[INFO] mall-security                                                      [jar]
[INFO] mall-portal                                                        [jar]
[INFO] SDC - software design and convenient                               [pom]
[INFO] SDC E3                                                             [jar]
[INFO] SDC E6                                                             [jar]
[INFO] 
[INFO] ------------------------< com.macro.mall:mall >-------------------------
[INFO] Building mall 1.0-SNAPSHOT                                         [1/8]
[INFO]   from pom.xml
[INFO] --------------------------------[ pom ]---------------------------------
[INFO] 
[INFO] ---------------------< com.macro.mall:mall-common >---------------------
[INFO] Building mall-common 1.0-SNAPSHOT                                  [2/8]
[INFO]   from mall-common/pom.xml
[INFO] --------------------------------[ jar ]---------------------------------
[INFO] 
[INFO] --- resources:3.3.1:resources (default-resources) @ mall-common ---
[INFO] Copying 0 resource from src/main/resources to target/classes
[INFO] Copying 1 resource from src/main/resources to target/classes
[INFO] 
[INFO] --- compiler:3.14.1:compile (default-compile) @ mall-common ---
[INFO] Nothing to compile - all classes are up to date.
[INFO] 
[INFO] --- resources:3.3.1:testResources (default-testResources) @ mall-common ---
[INFO] skip non existing resourceDirectory /private/var/folders/hb/hz54g18d48sbpj3s6kmtc00w0000gn/T/sdc-original-18100362863866713716/mall-common/src/test/resources
[INFO] 
[INFO] --- compiler:3.14.1:testCompile (default-testCompile) @ mall-common ---
[INFO] No sources to compile
[INFO] 
[INFO] --- surefire:3.5.5:test (default-test) @ mall-common ---
[INFO] No tests to run.
[INFO] 
[INFO] ----------------------< com.macro.mall:mall-mbg >-----------------------
[INFO] Building mall-mbg 1.0-SNAPSHOT                                     [3/8]
[INFO]   from mall-mbg/pom.xml
[INFO] --------------------------------[ jar ]---------------------------------
[INFO] 
[INFO] --- resources:3.3.1:resources (default-resources) @ mall-mbg ---
[INFO] Copying 0 resource from src/main/resources to target/classes
[INFO] Copying 78 resources from src/main/resources to target/classes
[INFO] 
[INFO] --- compiler:3.14.1:compile (default-compile) @ mall-mbg ---
[INFO] Nothing to compile - all classes are up to date.
[INFO] 
[INFO] --- resources:3.3.1:testResources (default-testResources) @ mall-mbg ---
[INFO] skip non existing resourceDirectory /private/var/folders/hb/hz54g18d48sbpj3s6kmtc00w0000gn/T/sdc-original-18100362863866713716/mall-mbg/src/test/resources
[INFO] 
[INFO] --- compiler:3.14.1:testCompile (default-testCompile) @ mall-mbg ---
[INFO] No sources to compile
[INFO] 
[INFO] --- surefire:3.5.5:test (default-test) @ mall-mbg ---
[INFO] No tests to run.
[INFO] 
[INFO] --------------------< com.macro.mall:mall-security >--------------------
[INFO] Building mall-security 1.0-SNAPSHOT                                [4/8]
[INFO]   from mall-security/pom.xml
[INFO] --------------------------------[ jar ]---------------------------------
[INFO] 
[INFO] --- resources:3.3.1:resources (default-resources) @ mall-security ---
[INFO] skip non existing resourceDirectory /private/var/folders/hb/hz54g18d48sbpj3s6kmtc00w0000gn/T/sdc-original-18100362863866713716/mall-security/src/main/resources
[INFO] skip non existing resourceDirectory /private/var/folders/hb/hz54g18d48sbpj3s6kmtc00w0000gn/T/sdc-original-18100362863866713716/mall-security/src/main/resources
[INFO] 
[INFO] --- compiler:3.14.1:compile (default-compile) @ mall-security ---
[INFO] Nothing to compile - all classes are up to date.
[INFO] 
[INFO] --- resources:3.3.1:testResources (default-testResources) @ mall-security ---
[INFO] skip non existing resourceDirectory /private/var/folders/hb/hz54g18d48sbpj3s6kmtc00w0000gn/T/sdc-original-18100362863866713716/mall-security/src/test/resources
[INFO] 
[INFO] --- compiler:3.14.1:testCompile (default-testCompile) @ mall-security ---
[INFO] No sources to compile
[INFO] 
[INFO] --- surefire:3.5.5:test (default-test) @ mall-security ---
[INFO] No tests to run.
[INFO] 
[INFO] ---------------------< com.macro.mall:mall-portal >---------------------
[INFO] Building mall-portal 1.0-SNAPSHOT                                  [5/8]
[INFO]   from mall-portal/pom.xml
[INFO] --------------------------------[ jar ]---------------------------------
[INFO] 
[INFO] --- resources:3.3.1:resources (default-resources) @ mall-portal ---
[INFO] Copying 3 resources from src/main/resources to target/classes
[INFO] Copying 5 resources from src/main/resources to target/classes
[INFO] 
[INFO] --- compiler:3.14.1:compile (default-compile) @ mall-portal ---
[INFO] Nothing to compile - all classes are up to date.
[INFO] 
[INFO] --- resources:3.3.1:testResources (default-testResources) @ mall-portal ---
[INFO] Copying 1 resource from src/test/resources to target/test-classes
[INFO] 
[INFO] --- compiler:3.14.1:testCompile (default-testCompile) @ mall-portal ---
[INFO] Nothing to compile - all classes are up to date.
[INFO] 
[INFO] --- surefire:3.5.5:test (default-test) @ mall-portal ---
[INFO] 
[INFO] -------------------------< com.macro.mall:sdc >-------------------------
[INFO] Building SDC - software design and convenient 1.0-SNAPSHOT         [6/8]
[INFO]   from SDC/pom.xml
[INFO] --------------------------------[ pom ]---------------------------------
[INFO] 
[INFO] -----------------------< com.macro.mall:sdc-e3 >------------------------
[INFO] Building SDC E3 1.0-SNAPSHOT                                       [7/8]
[INFO]   from SDC/E3/pom.xml
[INFO] --------------------------------[ jar ]---------------------------------
[INFO] 
[INFO] --- resources:3.3.1:resources (default-resources) @ sdc-e3 ---
[INFO] skip non existing resourceDirectory /private/var/folders/hb/hz54g18d48sbpj3s6kmtc00w0000gn/T/sdc-original-18100362863866713716/SDC/E3/src/main/resources
[INFO] skip non existing resourceDirectory /private/var/folders/hb/hz54g18d48sbpj3s6kmtc00w0000gn/T/sdc-original-18100362863866713716/SDC/E3/src/main/resources
[INFO] 
[INFO] --- compiler:3.14.1:compile (default-compile) @ sdc-e3 ---
[INFO] No sources to compile
[INFO] 
[INFO] --- resources:3.3.1:testResources (default-testResources) @ sdc-e3 ---
[INFO] Copying 1 resource from src/test/resources to target/test-classes
[INFO] 
[INFO] --- compiler:3.14.1:testCompile (default-testCompile) @ sdc-e3 ---
[INFO] Recompiling the module because of changed source code.
[INFO] Compiling 1 source file with javac [debug parameters release 17] to target/test-classes
[INFO] 
[INFO] --- surefire:3.5.5:test (default-test) @ sdc-e3 ---
[INFO] Using auto detected provider org.apache.maven.surefire.junitplatform.JUnitPlatformProvider
[INFO] 
[INFO] -------------------------------------------------------
[INFO]  T E S T S
[INFO] -------------------------------------------------------
[INFO] Running com.macro.mall.sdc.e3.OrderIntegrationTest
Standard Commons Logging discovery in action with spring-jcl: please remove commons-logging.jar from classpath in order to avoid potential conflicts
[ERROR] Tests run: 4, Failures: 2, Errors: 0, Skipped: 0, Time elapsed: 10.88 s <<< FAILURE! -- in com.macro.mall.sdc.e3.OrderIntegrationTest
[ERROR] com.macro.mall.sdc.e3.OrderIntegrationTest.pointsArePersistedSeparatelyBeforeInsert(Integer)[2] -- Time elapsed: 0.004 s <<< FAILURE!
org.opentest4j.AssertionFailedError: consumed points at insert boundary ==> expected: <0> but was: <null>
	at org.junit.jupiter.api.AssertionFailureBuilder.build(AssertionFailureBuilder.java:151)
	at org.junit.jupiter.api.AssertionFailureBuilder.buildAndThrow(AssertionFailureBuilder.java:132)
	at org.junit.jupiter.api.AssertEquals.failNotEqual(AssertEquals.java:197)
	at org.junit.jupiter.api.AssertEquals.assertEquals(AssertEquals.java:182)
	at org.junit.jupiter.api.Assertions.assertEquals(Assertions.java:590)
	at com.macro.mall.sdc.e3.OrderIntegrationTest.lambda$pointsArePersistedSeparatelyBeforeInsert$0(OrderIntegrationTest.java:76)
	at org.mockito.internal.stubbing.StubbedInvocationMatcher.answer(StubbedInvocationMatcher.java:42)
	at org.mockito.internal.handler.MockHandlerImpl.handle(MockHandlerImpl.java:103)
	at org.mockito.internal.handler.NullResultGuardian.handle(NullResultGuardian.java:29)
	at org.mockito.internal.handler.InvocationNotifierHandler.handle(InvocationNotifierHandler.java:34)
	at org.mockito.internal.creation.bytebuddy.access.MockMethodInterceptor.doIntercept(MockMethodInterceptor.java:84)
	at org.mockito.internal.creation.bytebuddy.access.MockMethodInterceptor.doIntercept(MockMethodInterceptor.java:58)
	at org.mockito.internal.creation.bytebuddy.access.MockMethodInterceptor$DispatcherDefaultingToRealMethod.interceptAbstract(MockMethodInterceptor.java:163)
	at com.macro.mall.mapper.OmsOrderMapper$MockitoMock$OgvRtExF.insert(Unknown Source)
	at com.macro.mall.portal.service.impl.OmsPortalOrderServiceImpl.generateOrder(OmsPortalOrderServiceImpl.java:224)
	at com.macro.mall.sdc.e3.OrderIntegrationTest.pointsArePersistedSeparatelyBeforeInsert(OrderIntegrationTest.java:85)
	at java.base/java.lang.reflect.Method.invoke(Method.java:569)
	at java.base/java.util.Optional.ifPresent(Optional.java:178)
	at java.base/java.util.stream.ForEachOps$ForEachOp$OfRef.accept(ForEachOps.java:183)
	at java.base/java.util.stream.ReferencePipeline$3$1.accept(ReferencePipeline.java:197)
	at java.base/java.util.stream.ForEachOps$ForEachOp$OfRef.accept(ForEachOps.java:183)
	at java.base/java.util.stream.ForEachOps$ForEachOp$OfRef.accept(ForEachOps.java:183)
	at java.base/java.util.stream.ReferencePipeline$3$1.accept(ReferencePipeline.java:197)
	at java.base/java.util.Spliterators$ArraySpliterator.forEachRemaining(Spliterators.java:992)
	at java.base/java.util.stream.AbstractPipeline.copyInto(AbstractPipeline.java:509)
	at java.base/java.util.stream.AbstractPipeline.wrapAndCopyInto(AbstractPipeline.java:499)
	at java.base/java.util.stream.ForEachOps$ForEachOp.evaluateSequential(ForEachOps.java:150)
	at java.base/java.util.stream.ForEachOps$ForEachOp$OfRef.evaluateSequential(ForEachOps.java:173)
	at java.base/java.util.stream.AbstractPipeline.evaluate(AbstractPipeline.java:234)
	at java.base/java.util.stream.ReferencePipeline.forEach(ReferencePipeline.java:596)
	at java.base/java.util.stream.ReferencePipeline$7$1.accept(ReferencePipeline.java:276)
	at java.base/java.util.ArrayList$ArrayListSpliterator.forEachRemaining(ArrayList.java:1625)
	at java.base/java.util.stream.AbstractPipeline.copyInto(AbstractPipeline.java:509)
	at java.base/java.util.stream.AbstractPipeline.wrapAndCopyInto(AbstractPipeline.java:499)
	at java.base/java.util.stream.ForEachOps$ForEachOp.evaluateSequential(ForEachOps.java:150)
	at java.base/java.util.stream.ForEachOps$ForEachOp$OfRef.evaluateSequential(ForEachOps.java:173)
	at java.base/java.util.stream.AbstractPipeline.evaluate(AbstractPipeline.java:234)
	at java.base/java.util.stream.ReferencePipeline.forEach(ReferencePipeline.java:596)
	at java.base/java.util.stream.ReferencePipeline$7$1.accept(ReferencePipeline.java:276)
	at java.base/java.util.stream.ReferencePipeline$3$1.accept(ReferencePipeline.java:197)
	at java.base/java.util.stream.ReferencePipeline$3$1.accept(ReferencePipeline.java:197)
	at java.base/java.util.stream.ReferencePipeline$3$1.accept(ReferencePipeline.java:197)
	at java.base/java.util.ArrayList$ArrayListSpliterator.forEachRemaining(ArrayList.java:1625)
	at java.base/java.util.stream.AbstractPipeline.copyInto(AbstractPipeline.java:509)
	at java.base/java.util.stream.AbstractPipeline.wrapAndCopyInto(AbstractPipeline.java:499)
	at java.base/java.util.stream.ForEachOps$ForEachOp.evaluateSequential(ForEachOps.java:150)
	at java.base/java.util.stream.ForEachOps$ForEachOp$OfRef.evaluateSequential(ForEachOps.java:173)
	at java.base/java.util.stream.AbstractPipeline.evaluate(AbstractPipeline.java:234)
	at java.base/java.util.stream.ReferencePipeline.forEach(ReferencePipeline.java:596)
	at java.base/java.util.ArrayList.forEach(ArrayList.java:1511)
	at java.base/java.util.ArrayList.forEach(ArrayList.java:1511)

[ERROR] com.macro.mall.sdc.e3.OrderIntegrationTest.pointsArePersistedSeparatelyBeforeInsert(Integer)[3] -- Time elapsed: 0.002 s <<< FAILURE!
org.opentest4j.AssertionFailedError: consumed points at insert boundary ==> expected: <30> but was: <null>
	at org.junit.jupiter.api.AssertionFailureBuilder.build(AssertionFailureBuilder.java:151)
	at org.junit.jupiter.api.AssertionFailureBuilder.buildAndThrow(AssertionFailureBuilder.java:132)
	at org.junit.jupiter.api.AssertEquals.failNotEqual(AssertEquals.java:197)
	at org.junit.jupiter.api.AssertEquals.assertEquals(AssertEquals.java:182)
	at org.junit.jupiter.api.Assertions.assertEquals(Assertions.java:590)
	at com.macro.mall.sdc.e3.OrderIntegrationTest.lambda$pointsArePersistedSeparatelyBeforeInsert$0(OrderIntegrationTest.java:76)
	at org.mockito.internal.stubbing.StubbedInvocationMatcher.answer(StubbedInvocationMatcher.java:42)
	at org.mockito.internal.handler.MockHandlerImpl.handle(MockHandlerImpl.java:103)
	at org.mockito.internal.handler.NullResultGuardian.handle(NullResultGuardian.java:29)
	at org.mockito.internal.handler.InvocationNotifierHandler.handle(InvocationNotifierHandler.java:34)
	at org.mockito.internal.creation.bytebuddy.access.MockMethodInterceptor.doIntercept(MockMethodInterceptor.java:84)
	at org.mockito.internal.creation.bytebuddy.access.MockMethodInterceptor.doIntercept(MockMethodInterceptor.java:58)
	at org.mockito.internal.creation.bytebuddy.access.MockMethodInterceptor$DispatcherDefaultingToRealMethod.interceptAbstract(MockMethodInterceptor.java:163)
	at com.macro.mall.mapper.OmsOrderMapper$MockitoMock$OgvRtExF.insert(Unknown Source)
	at com.macro.mall.portal.service.impl.OmsPortalOrderServiceImpl.generateOrder(OmsPortalOrderServiceImpl.java:224)
	at com.macro.mall.sdc.e3.OrderIntegrationTest.pointsArePersistedSeparatelyBeforeInsert(OrderIntegrationTest.java:85)
	at java.base/java.lang.reflect.Method.invoke(Method.java:569)
	at java.base/java.util.Optional.ifPresent(Optional.java:178)
	at java.base/java.util.stream.ForEachOps$ForEachOp$OfRef.accept(ForEachOps.java:183)
	at java.base/java.util.stream.ReferencePipeline$3$1.accept(ReferencePipeline.java:197)
	at java.base/java.util.stream.ForEachOps$ForEachOp$OfRef.accept(ForEachOps.java:183)
	at java.base/java.util.stream.ForEachOps$ForEachOp$OfRef.accept(ForEachOps.java:183)
	at java.base/java.util.stream.ReferencePipeline$3$1.accept(ReferencePipeline.java:197)
	at java.base/java.util.Spliterators$ArraySpliterator.forEachRemaining(Spliterators.java:992)
	at java.base/java.util.stream.AbstractPipeline.copyInto(AbstractPipeline.java:509)
	at java.base/java.util.stream.AbstractPipeline.wrapAndCopyInto(AbstractPipeline.java:499)
	at java.base/java.util.stream.ForEachOps$ForEachOp.evaluateSequential(ForEachOps.java:150)
	at java.base/java.util.stream.ForEachOps$ForEachOp$OfRef.evaluateSequential(ForEachOps.java:173)
	at java.base/java.util.stream.AbstractPipeline.evaluate(AbstractPipeline.java:234)
	at java.base/java.util.stream.ReferencePipeline.forEach(ReferencePipeline.java:596)
	at java.base/java.util.stream.ReferencePipeline$7$1.accept(ReferencePipeline.java:276)
	at java.base/java.util.ArrayList$ArrayListSpliterator.forEachRemaining(ArrayList.java:1625)
	at java.base/java.util.stream.AbstractPipeline.copyInto(AbstractPipeline.java:509)
	at java.base/java.util.stream.AbstractPipeline.wrapAndCopyInto(AbstractPipeline.java:499)
	at java.base/java.util.stream.ForEachOps$ForEachOp.evaluateSequential(ForEachOps.java:150)
	at java.base/java.util.stream.ForEachOps$ForEachOp$OfRef.evaluateSequential(ForEachOps.java:173)
	at java.base/java.util.stream.AbstractPipeline.evaluate(AbstractPipeline.java:234)
	at java.base/java.util.stream.ReferencePipeline.forEach(ReferencePipeline.java:596)
	at java.base/java.util.stream.ReferencePipeline$7$1.accept(ReferencePipeline.java:276)
	at java.base/java.util.stream.ReferencePipeline$3$1.accept(ReferencePipeline.java:197)
	at java.base/java.util.stream.ReferencePipeline$3$1.accept(ReferencePipeline.java:197)
	at java.base/java.util.stream.ReferencePipeline$3$1.accept(ReferencePipeline.java:197)
	at java.base/java.util.ArrayList$ArrayListSpliterator.forEachRemaining(ArrayList.java:1625)
	at java.base/java.util.stream.AbstractPipeline.copyInto(AbstractPipeline.java:509)
	at java.base/java.util.stream.AbstractPipeline.wrapAndCopyInto(AbstractPipeline.java:499)
	at java.base/java.util.stream.ForEachOps$ForEachOp.evaluateSequential(ForEachOps.java:150)
	at java.base/java.util.stream.ForEachOps$ForEachOp$OfRef.evaluateSequential(ForEachOps.java:173)
	at java.base/java.util.stream.AbstractPipeline.evaluate(AbstractPipeline.java:234)
	at java.base/java.util.stream.ReferencePipeline.forEach(ReferencePipeline.java:596)
	at java.base/java.util.ArrayList.forEach(ArrayList.java:1511)
	at java.base/java.util.ArrayList.forEach(ArrayList.java:1511)

[INFO] 
[INFO] Results:
[INFO] 
[ERROR] Failures: 
[ERROR]   OrderIntegrationTest.pointsArePersistedSeparatelyBeforeInsert:85->lambda$pointsArePersistedSeparatelyBeforeInsert$0:76 consumed points at insert boundary ==> expected: <0> but was: <null>
[ERROR]   OrderIntegrationTest.pointsArePersistedSeparatelyBeforeInsert:85->lambda$pointsArePersistedSeparatelyBeforeInsert$0:76 consumed points at insert boundary ==> expected: <30> but was: <null>
[INFO] 
[ERROR] Tests run: 4, Failures: 2, Errors: 0, Skipped: 0
[INFO] 
[INFO] 
[INFO] -----------------------< com.macro.mall:sdc-e6 >------------------------
[INFO] Building SDC E6 1.0-SNAPSHOT                                       [8/8]
[INFO]   from SDC/E6/pom.xml
[INFO] --------------------------------[ jar ]---------------------------------
[INFO] 
[INFO] --- resources:3.3.1:resources (default-resources) @ sdc-e6 ---
[INFO] skip non existing resourceDirectory /private/var/folders/hb/hz54g18d48sbpj3s6kmtc00w0000gn/T/sdc-original-18100362863866713716/SDC/E6/src/main/resources
[INFO] skip non existing resourceDirectory /private/var/folders/hb/hz54g18d48sbpj3s6kmtc00w0000gn/T/sdc-original-18100362863866713716/SDC/E6/src/main/resources
[INFO] 
[INFO] --- compiler:3.14.1:compile (default-compile) @ sdc-e6 ---
[INFO] No sources to compile
[INFO] 
[INFO] --- resources:3.3.1:testResources (default-testResources) @ sdc-e6 ---
[INFO] Copying 1 resource from src/test/resources to target/test-classes
[INFO] 
[INFO] --- compiler:3.14.1:testCompile (default-testCompile) @ sdc-e6 ---
[INFO] Recompiling the module because of changed source code.
[INFO] Compiling 1 source file with javac [debug parameters release 17] to target/test-classes
[INFO] 
[INFO] --- surefire:3.5.5:test (default-test) @ sdc-e6 ---
[INFO] Using auto detected provider org.apache.maven.surefire.junitplatform.JUnitPlatformProvider
[INFO] 
[INFO] -------------------------------------------------------
[INFO]  T E S T S
[INFO] -------------------------------------------------------
[INFO] Running com.macro.mall.sdc.e6.StockWarningTest
Standard Commons Logging discovery in action with spring-jcl: please remove commons-logging.jar from classpath in order to avoid potential conflicts
[ERROR] Tests run: 2, Failures: 1, Errors: 0, Skipped: 0, Time elapsed: 10.80 s <<< FAILURE! -- in com.macro.mall.sdc.e6.StockWarningTest
[ERROR] com.macro.mall.sdc.e6.StockWarningTest.paymentWarnsOnlyBelowThresholdAndKeepsReturnValue -- Time elapsed: 10.79 s <<< FAILURE!
org.opentest4j.AssertionFailedError: expected: <1> but was: <0>
	at org.junit.jupiter.api.AssertionFailureBuilder.build(AssertionFailureBuilder.java:151)
	at org.junit.jupiter.api.AssertionFailureBuilder.buildAndThrow(AssertionFailureBuilder.java:132)
	at org.junit.jupiter.api.AssertEquals.failNotEqual(AssertEquals.java:197)
	at org.junit.jupiter.api.AssertEquals.assertEquals(AssertEquals.java:150)
	at org.junit.jupiter.api.AssertEquals.assertEquals(AssertEquals.java:145)
	at org.junit.jupiter.api.Assertions.assertEquals(Assertions.java:531)
	at com.macro.mall.sdc.e6.StockWarningTest.paymentWarnsOnlyBelowThresholdAndKeepsReturnValue(StockWarningTest.java:60)
	at java.base/java.lang.reflect.Method.invoke(Method.java:569)
	at java.base/java.util.ArrayList.forEach(ArrayList.java:1511)
	at java.base/java.util.ArrayList.forEach(ArrayList.java:1511)

[INFO] 
[INFO] Results:
[INFO] 
[ERROR] Failures: 
[ERROR]   StockWarningTest.paymentWarnsOnlyBelowThresholdAndKeepsReturnValue:60 expected: <1> but was: <0>
[INFO] 
[ERROR] Tests run: 2, Failures: 1, Errors: 0, Skipped: 0
[INFO] 
[INFO] ------------------------------------------------------------------------
[INFO] Reactor Summary for mall 1.0-SNAPSHOT:
[INFO] 
[INFO] mall ............................................... SUCCESS [  0.001 s]
[INFO] mall-common ........................................ SUCCESS [  0.288 s]
[INFO] mall-mbg ........................................... SUCCESS [  0.080 s]
[INFO] mall-security ...................................... SUCCESS [  0.018 s]
[INFO] mall-portal ........................................ SUCCESS [  0.063 s]
[INFO] SDC - software design and convenient ............... SUCCESS [  0.000 s]
[INFO] SDC E3 ............................................. FAILURE [ 11.645 s]
[INFO] SDC E6 ............................................. FAILURE [ 11.264 s]
[INFO] ------------------------------------------------------------------------
[INFO] BUILD FAILURE
[INFO] ------------------------------------------------------------------------
[INFO] Total time:  23.497 s
[INFO] Finished at: 2026-10-03T11:03:36+08:00
[INFO] ------------------------------------------------------------------------
[ERROR] Failed to execute goal org.apache.maven.plugins:maven-surefire-plugin:3.5.5:test (default-test) on project sdc-e3: There are test failures.
[ERROR] 
[ERROR] See /private/var/folders/hb/hz54g18d48sbpj3s6kmtc00w0000gn/T/sdc-original-18100362863866713716/SDC/E3/target/surefire-reports for the individual test results.
[ERROR] See dump files (if any exist) [date].dump, [date]-jvmRun[N].dump and [date].dumpstream.
[ERROR] -> [Help 1]
[ERROR] Failed to execute goal org.apache.maven.plugins:maven-surefire-plugin:3.5.5:test (default-test) on project sdc-e6: There are test failures.
[ERROR] 
[ERROR] See /private/var/folders/hb/hz54g18d48sbpj3s6kmtc00w0000gn/T/sdc-original-18100362863866713716/SDC/E6/target/surefire-reports for the individual test results.
[ERROR] See dump files (if any exist) [date].dump, [date]-jvmRun[N].dump and [date].dumpstream.
[ERROR] -> [Help 1]
[ERROR] 
[ERROR] To see the full stack trace of the errors, re-run Maven with the -e switch.
[ERROR] Re-run Maven using the -X switch to enable full debug logging.
[ERROR] 
[ERROR] For more information about the errors and possible solutions, please read the following articles:
[ERROR] [Help 1] http://cwiki.apache.org/confluence/display/MAVEN/MojoFailureException
[ERROR] 
[ERROR] After correcting the problems, you can resume the build with the command
[ERROR]   mvn <args> -rf :sdc-e3
